overrides exist
